Archive member included to satisfy reference by file (symbol)

/usr/lib/gcc/arm-none-eabi/4.9.3/../../../arm-none-eabi/lib/armv7-m/libc_nano.a(lib_a-atexit.o)
                              /usr/lib/gcc/arm-none-eabi/4.9.3/../../../arm-none-eabi/lib/armv7-m/crt0.o (atexit)
/usr/lib/gcc/arm-none-eabi/4.9.3/../../../arm-none-eabi/lib/armv7-m/libc_nano.a(lib_a-exit.o)
                              /usr/lib/gcc/arm-none-eabi/4.9.3/../../../arm-none-eabi/lib/armv7-m/crt0.o (exit)
/usr/lib/gcc/arm-none-eabi/4.9.3/../../../arm-none-eabi/lib/armv7-m/libc_nano.a(lib_a-fini.o)
                              /usr/lib/gcc/arm-none-eabi/4.9.3/../../../arm-none-eabi/lib/armv7-m/crt0.o (__libc_fini_array)
/usr/lib/gcc/arm-none-eabi/4.9.3/../../../arm-none-eabi/lib/armv7-m/libc_nano.a(lib_a-impure.o)
                              /usr/lib/gcc/arm-none-eabi/4.9.3/../../../arm-none-eabi/lib/armv7-m/libc_nano.a(lib_a-exit.o) (_global_impure_ptr)
/usr/lib/gcc/arm-none-eabi/4.9.3/../../../arm-none-eabi/lib/armv7-m/libc_nano.a(lib_a-init.o)
                              /usr/lib/gcc/arm-none-eabi/4.9.3/../../../arm-none-eabi/lib/armv7-m/crt0.o (__libc_init_array)
/usr/lib/gcc/arm-none-eabi/4.9.3/../../../arm-none-eabi/lib/armv7-m/libc_nano.a(lib_a-memset.o)
                              /usr/lib/gcc/arm-none-eabi/4.9.3/../../../arm-none-eabi/lib/armv7-m/crt0.o (memset)
/usr/lib/gcc/arm-none-eabi/4.9.3/../../../arm-none-eabi/lib/armv7-m/libc_nano.a(lib_a-__atexit.o)
                              /usr/lib/gcc/arm-none-eabi/4.9.3/../../../arm-none-eabi/lib/armv7-m/libc_nano.a(lib_a-atexit.o) (__register_exitproc)
/usr/lib/gcc/arm-none-eabi/4.9.3/../../../arm-none-eabi/lib/armv7-m/libc_nano.a(lib_a-__call_atexit.o)
                              /usr/lib/gcc/arm-none-eabi/4.9.3/../../../arm-none-eabi/lib/armv7-m/libc_nano.a(lib_a-__atexit.o) (__call_exitprocs)
/usr/lib/gcc/arm-none-eabi/4.9.3/../../../arm-none-eabi/lib/armv7-m/libnosys.a(_exit.o)
                              /usr/lib/gcc/arm-none-eabi/4.9.3/../../../arm-none-eabi/lib/armv7-m/libc_nano.a(lib_a-exit.o) (_exit)

Allocating common symbols
Common symbol       size              file

uwTick              0x4               build/stm32f1xx_hal.o
pFlash              0x20              build/stm32f1xx_hal_flash.o
hdma_usart1_tx      0x44              build/main.o
hdma_usart1_rx      0x44              build/main.o
huart1              0x40              build/main.o

Discarded input sections

 .text          0x0000000000000000        0x0 /usr/lib/gcc/arm-none-eabi/4.9.3/armv7-m/crti.o
 .data          0x0000000000000000        0x0 /usr/lib/gcc/arm-none-eabi/4.9.3/armv7-m/crti.o
 .bss           0x0000000000000000        0x0 /usr/lib/gcc/arm-none-eabi/4.9.3/armv7-m/crti.o
 .data          0x0000000000000000        0x4 /usr/lib/gcc/arm-none-eabi/4.9.3/armv7-m/crtbegin.o
 .text          0x0000000000000000       0x68 /usr/lib/gcc/arm-none-eabi/4.9.3/../../../arm-none-eabi/lib/armv7-m/crt0.o
 .data          0x0000000000000000        0x0 /usr/lib/gcc/arm-none-eabi/4.9.3/../../../arm-none-eabi/lib/armv7-m/crt0.o
 .bss           0x0000000000000000        0x0 /usr/lib/gcc/arm-none-eabi/4.9.3/../../../arm-none-eabi/lib/armv7-m/crt0.o
 .ARM.extab     0x0000000000000000        0x0 /usr/lib/gcc/arm-none-eabi/4.9.3/../../../arm-none-eabi/lib/armv7-m/crt0.o
 .ARM.exidx     0x0000000000000000        0x8 /usr/lib/gcc/arm-none-eabi/4.9.3/../../../arm-none-eabi/lib/armv7-m/crt0.o
 .debug_line    0x0000000000000000       0x7b /usr/lib/gcc/arm-none-eabi/4.9.3/../../../arm-none-eabi/lib/armv7-m/crt0.o
 .debug_info    0x0000000000000000       0xa8 /usr/lib/gcc/arm-none-eabi/4.9.3/../../../arm-none-eabi/lib/armv7-m/crt0.o
 .debug_abbrev  0x0000000000000000       0x14 /usr/lib/gcc/arm-none-eabi/4.9.3/../../../arm-none-eabi/lib/armv7-m/crt0.o
 .debug_aranges
                0x0000000000000000       0x20 /usr/lib/gcc/arm-none-eabi/4.9.3/../../../arm-none-eabi/lib/armv7-m/crt0.o
 .ARM.attributes
                0x0000000000000000       0x1b /usr/lib/gcc/arm-none-eabi/4.9.3/../../../arm-none-eabi/lib/armv7-m/crt0.o
 .text          0x0000000000000000        0x0 build/main.o
 .data          0x0000000000000000        0x0 build/main.o
 .bss           0x0000000000000000        0x0 build/main.o
 .data.click0   0x0000000000000000        0x1 build/main.o
 .data.k        0x0000000000000000        0x1 build/main.o
 .data.flag_Rx  0x0000000000000000        0x1 build/main.o
 .data.flag_Tx  0x0000000000000000        0x1 build/main.o
 .text.Delay2   0x0000000000000000       0x28 build/main.o
 .text.delay_ms
                0x0000000000000000       0x48 build/main.o
 .text          0x0000000000000000        0x0 build/stm32f1xx_it.o
 .data          0x0000000000000000        0x0 build/stm32f1xx_it.o
 .bss           0x0000000000000000        0x0 build/stm32f1xx_it.o
 .text          0x0000000000000000        0x0 build/stm32f1xx_hal_msp.o
 .data          0x0000000000000000        0x0 build/stm32f1xx_hal_msp.o
[...]
Memory Configuration

Name             Origin             Length             Attributes
RAM              0x0000000020000000 0x0000000000005000 xrw
FLASH            0x0000000008000000 0x0000000000010000 xr
*default*        0x0000000000000000 0xffffffffffffffff

Linker script and memory map

LOAD /usr/lib/gcc/arm-none-eabi/4.9.3/armv7-m/crti.o
LOAD /usr/lib/gcc/arm-none-eabi/4.9.3/armv7-m/crtbegin.o
LOAD /usr/lib/gcc/arm-none-eabi/4.9.3/../../../arm-none-eabi/lib/armv7-m/crt0.o
LOAD build/main.o
LOAD build/stm32f1xx_it.o
LOAD build/stm32f1xx_hal_msp.o
LOAD build/stm32f1xx_hal_gpio_ex.o
LOAD build/stm32f1xx_hal_tim.o
LOAD build/stm32f1xx_hal_tim_ex.o
LOAD build/stm32f1xx_hal.o
LOAD build/stm32f1xx_hal_rcc.o
LOAD build/stm32f1xx_hal_rcc_ex.o
LOAD build/stm32f1xx_hal_gpio.o
LOAD build/stm32f1xx_hal_dma.o
LOAD build/stm32f1xx_hal_cortex.o
LOAD build/stm32f1xx_hal_pwr.o
LOAD build/stm32f1xx_hal_flash.o
LOAD build/stm32f1xx_hal_flash_ex.o
LOAD build/system_stm32f1xx.o
LOAD build/stm32f1xx_hal_uart.o
LOAD build/startup_stm32f103xb.o
LOAD /usr/lib/gcc/arm-none-eabi/4.9.3/../../../arm-none-eabi/lib/armv7-m/libc_nano.a
LOAD /usr/lib/gcc/arm-none-eabi/4.9.3/../../../arm-none-eabi/lib/armv7-m/libm.a
LOAD /usr/lib/gcc/arm-none-eabi/4.9.3/../../../arm-none-eabi/lib/armv7-m/libnosys.a
START GROUP
LOAD /usr/lib/gcc/arm-none-eabi/4.9.3/armv7-m/libgcc.a
LOAD /usr/lib/gcc/arm-none-eabi/4.9.3/../../../arm-none-eabi/lib/armv7-m/libc_nano.a
END GROUP
START GROUP
LOAD /usr/lib/gcc/arm-none-eabi/4.9.3/armv7-m/libgcc.a
LOAD /usr/lib/gcc/arm-none-eabi/4.9.3/../../../arm-none-eabi/lib/armv7-m/libc_nano.a
END GROUP
LOAD /usr/lib/gcc/arm-none-eabi/4.9.3/armv7-m/crtend.o
LOAD /usr/lib/gcc/arm-none-eabi/4.9.3/armv7-m/crtn.o
                0x0000000020005000                _estack = 0x20005000
                0x0000000000000200                _Min_Heap_Size = 0x200
                0x0000000000000400                _Min_Stack_Size = 0x400

.isr_vector     0x0000000008000000      0x10c
                0x0000000008000000                . = ALIGN (0x4)
 *(.isr_vector)
 .isr_vector    0x0000000008000000      0x10c build/startup_stm32f103xb.o
                0x0000000008000000                g_pfnVectors
                0x000000000800010c                . = ALIGN (0x4)

.text           0x000000000800010c     0x25c0
                0x000000000800010c                . = ALIGN (0x4)
 *(.text)
 .text          0x000000000800010c       0xa4 /usr/lib/gcc/arm-none-eabi/4.9.3/armv7-m/crtbegin.o
 *(.text*)
 .text.main     0x00000000080001b0       0x6c build/main.o
                0x00000000080001b0                main
 .text.SystemClock_Config
                0x000000000800021c       0xa0 build/main.o
                0x000000000800021c                SystemClock_Config
 .text.MX_GPIO_Init
                0x00000000080002bc       0xb8 build/main.o
 .text.MX_USART1_UART_Init
                0x0000000008000374       0x58 build/main.o
 .text.MX_DMA_Init
                0x00000000080003cc       0x48 build/main.o
 .text._Error_Handler
                0x0000000008000414        0xc build/main.o
                0x0000000008000414                _Error_Handler
 .text.NMI_Handler
                0x0000000008000420        0xc build/stm32f1xx_it.o
                0x0000000008000420                NMI_Handler
 .text.HardFault_Handler
                0x000000000800042c        0x8 build/stm32f1xx_it.o
                0x000000000800042c                HardFault_Handler
 .text.MemManage_Handler
                0x0000000008000434        0x8 build/stm32f1xx_it.o
                0x0000000008000434                MemManage_Handler
 .text.BusFault_Handler
                0x000000000800043c        0x8 build/stm32f1xx_it.o
                0x000000000800043c                BusFault_Handler
 .text.UsageFault_Handler
                0x0000000008000444        0x8 build/stm32f1xx_it.o
                0x0000000008000444                UsageFault_Handler
 .text.SVC_Handler
                0x000000000800044c        0xc build/stm32f1xx_it.o
                0x000000000800044c                SVC_Handler
 .text.DebugMon_Handler
                0x0000000008000458        0xc build/stm32f1xx_it.o
                0x0000000008000458                DebugMon_Handler
 .text.PendSV_Handler
                0x0000000008000464        0xc build/stm32f1xx_it.o
                0x0000000008000464                PendSV_Handler
 .text.SysTick_Handler
                0x0000000008000470       0x1c build/stm32f1xx_it.o
                0x0000000008000470                SysTick_Handler
 .text.EXTI0_IRQHandler
                0x000000000800048c       0x24 build/stm32f1xx_it.o
                0x000000000800048c                EXTI0_IRQHandler
 .text.DMA1_Channel4_IRQHandler
                0x00000000080004b0       0x10 build/stm32f1xx_it.o
                0x00000000080004b0                DMA1_Channel4_IRQHandler
 .text.DMA1_Channel5_IRQHandler
                0x00000000080004c0       0x2c build/stm32f1xx_it.o
                0x00000000080004c0                DMA1_Channel5_IRQHandler
 .text.USART1_IRQHandler
                0x00000000080004ec       0x10 build/stm32f1xx_it.o
                0x00000000080004ec                USART1_IRQHandler
 .text.HAL_MspInit
                0x00000000080004fc       0xbc build/stm32f1xx_hal_msp.o
                0x00000000080004fc                HAL_MspInit
 .text.HAL_UART_MspInit
                0x00000000080005b8      0x138 build/stm32f1xx_hal_msp.o
                0x00000000080005b8                HAL_UART_MspInit
 .text.HAL_Init
                0x00000000080006f0       0x2c build/stm32f1xx_hal.o
                0x00000000080006f0                HAL_Init
 .text.HAL_InitTick
                0x000000000800071c       0x60 build/stm32f1xx_hal.o
                0x000000000800071c                HAL_InitTick
 .text.HAL_IncTick
                0x000000000800077c       0x24 build/stm32f1xx_hal.o
                0x000000000800077c                HAL_IncTick
 .text.HAL_GetTick
                0x00000000080007a0       0x18 build/stm32f1xx_hal.o
                0x00000000080007a0                HAL_GetTick
 .text.HAL_Delay
                0x00000000080007b8       0x44 build/stm32f1xx_hal.o
                0x00000000080007b8                HAL_Delay
 .text.HAL_RCC_OscConfig
                0x00000000080007fc      0x4c4 build/stm32f1xx_hal_rcc.o
                0x00000000080007fc                HAL_RCC_OscConfig
 .text.HAL_RCC_ClockConfig
                0x0000000008000cc0      0x1ec build/stm32f1xx_hal_rcc.o
                0x0000000008000cc0                HAL_RCC_ClockConfig
 .text.HAL_RCC_GetSysClockFreq
                0x0000000008000eac       0xc8 build/stm32f1xx_hal_rcc.o
                0x0000000008000eac                HAL_RCC_GetSysClockFreq
 .text.HAL_RCC_GetHCLKFreq
                0x0000000008000f74       0x18 build/stm32f1xx_hal_rcc.o
                0x0000000008000f74                HAL_RCC_GetHCLKFreq
 .text.HAL_RCC_GetPCLK1Freq
                0x0000000008000f8c       0x28 build/stm32f1xx_hal_rcc.o
                0x0000000008000f8c                HAL_RCC_GetPCLK1Freq
 .text.HAL_RCC_GetPCLK2Freq
                0x0000000008000fb4       0x28 build/stm32f1xx_hal_rcc.o
                0x0000000008000fb4                HAL_RCC_GetPCLK2Freq
 .text.RCC_Delay
                0x0000000008000fdc       0x3c build/stm32f1xx_hal_rcc.o
 .text.HAL_GPIO_Init
                0x0000000008001018      0x2bc build/stm32f1xx_hal_gpio.o
                0x0000000008001018                HAL_GPIO_Init
 .text.HAL_GPIO_WritePin
                0x00000000080012d4       0x30 build/stm32f1xx_hal_gpio.o
                0x00000000080012d4                HAL_GPIO_WritePin
 .text.HAL_GPIO_EXTI_IRQHandler
                0x0000000008001304       0x30 build/stm32f1xx_hal_gpio.o
                0x0000000008001304                HAL_GPIO_EXTI_IRQHandler
 .text.HAL_GPIO_EXTI_Callback
                0x0000000008001334       0x14 build/stm32f1xx_hal_gpio.o
                0x0000000008001334                HAL_GPIO_EXTI_Callback
 .text.HAL_DMA_Init
                0x0000000008001348       0xd0 build/stm32f1xx_hal_dma.o
                0x0000000008001348                HAL_DMA_Init
 .text.HAL_DMA_Start_IT
                0x0000000008001418       0xc0 build/stm32f1xx_hal_dma.o
                0x0000000008001418                HAL_DMA_Start_IT
 .text.HAL_DMA_Abort_IT
                0x00000000080014d8       0xf8 build/stm32f1xx_hal_dma.o
                0x00000000080014d8                HAL_DMA_Abort_IT
 .text.HAL_DMA_IRQHandler
                0x00000000080015d0      0x230 build/stm32f1xx_hal_dma.o
                0x00000000080015d0                HAL_DMA_IRQHandler
 .text.DMA_SetConfig
                0x0000000008001800       0x5c build/stm32f1xx_hal_dma.o
 .text.NVIC_SetPriorityGrouping
                0x000000000800185c       0x48 build/stm32f1xx_hal_cortex.o
 .text.NVIC_GetPriorityGrouping
                0x00000000080018a4       0x1c build/stm32f1xx_hal_cortex.o
 .text.NVIC_EnableIRQ
                0x00000000080018c0       0x30 build/stm32f1xx_hal_cortex.o
 .text.NVIC_SetPriority
                0x00000000080018f0       0x54 build/stm32f1xx_hal_cortex.o
 .text.NVIC_EncodePriority
                0x0000000008001944       0x64 build/stm32f1xx_hal_cortex.o
 .text.SysTick_Config
                0x00000000080019a8       0x44 build/stm32f1xx_hal_cortex.o
 .text.HAL_NVIC_SetPriorityGrouping
                0x00000000080019ec       0x14 build/stm32f1xx_hal_cortex.o
                0x00000000080019ec                HAL_NVIC_SetPriorityGrouping
 .text.HAL_NVIC_SetPriority
                0x0000000008001a00       0x38 build/stm32f1xx_hal_cortex.o
                0x0000000008001a00                HAL_NVIC_SetPriority
 .text.HAL_NVIC_EnableIRQ
                0x0000000008001a38       0x1c build/stm32f1xx_hal_cortex.o
                0x0000000008001a38                HAL_NVIC_EnableIRQ
 .text.HAL_SYSTICK_Config
                0x0000000008001a54       0x18 build/stm32f1xx_hal_cortex.o
                0x0000000008001a54                HAL_SYSTICK_Config
 .text.HAL_SYSTICK_CLKSourceConfig
                0x0000000008001a6c       0x38 build/stm32f1xx_hal_cortex.o
                0x0000000008001a6c                HAL_SYSTICK_CLKSourceConfig
 .text.HAL_SYSTICK_IRQHandler
                0x0000000008001aa4        0xc build/stm32f1xx_hal_cortex.o
                0x0000000008001aa4                HAL_SYSTICK_IRQHandler
 .text.HAL_SYSTICK_Callback
                0x0000000008001ab0        0xc build/stm32f1xx_hal_cortex.o
                0x0000000008001ab0                HAL_SYSTICK_Callback
 .text.SystemInit
                0x0000000008001abc       0x68 build/system_stm32f1xx.o
                0x0000000008001abc                SystemInit
 .text.HAL_UART_Init
                0x0000000008001b24       0x9c build/stm32f1xx_hal_uart.o
                0x0000000008001b24                HAL_UART_Init
 .text.HAL_UART_Transmit_DMA
                0x0000000008001bc0       0xe0 build/stm32f1xx_hal_uart.o
                0x0000000008001bc0                HAL_UART_Transmit_DMA
 .text.HAL_UART_Receive_DMA
                0x0000000008001ca0      0x104 build/stm32f1xx_hal_uart.o
                0x0000000008001ca0                HAL_UART_Receive_DMA
 .text.HAL_UART_IRQHandler
                0x0000000008001da4      0x1f4 build/stm32f1xx_hal_uart.o
                0x0000000008001da4                HAL_UART_IRQHandler
 .text.HAL_UART_TxCpltCallback
                0x0000000008001f98       0x14 build/stm32f1xx_hal_uart.o
                0x0000000008001f98                HAL_UART_TxCpltCallback
 .text.HAL_UART_TxHalfCpltCallback
                0x0000000008001fac       0x14 build/stm32f1xx_hal_uart.o
                0x0000000008001fac                HAL_UART_TxHalfCpltCallback
 .text.HAL_UART_RxCpltCallback
                0x0000000008001fc0       0x14 build/stm32f1xx_hal_uart.o
                0x0000000008001fc0                HAL_UART_RxCpltCallback
 .text.HAL_UART_RxHalfCpltCallback
                0x0000000008001fd4       0x14 build/stm32f1xx_hal_uart.o
                0x0000000008001fd4                HAL_UART_RxHalfCpltCallback
 .text.HAL_UART_ErrorCallback
                0x0000000008001fe8       0x14 build/stm32f1xx_hal_uart.o
                0x0000000008001fe8                HAL_UART_ErrorCallback
 .text.UART_DMATransmitCplt
                0x0000000008001ffc       0x50 build/stm32f1xx_hal_uart.o
 .text.UART_DMATxHalfCplt
                0x000000000800204c       0x1c build/stm32f1xx_hal_uart.o
 .text.UART_DMAReceiveCplt
                0x0000000008002068       0x68 build/stm32f1xx_hal_uart.o
 .text.UART_DMARxHalfCplt
                0x00000000080020d0       0x1c build/stm32f1xx_hal_uart.o
 .text.UART_DMAError
                0x00000000080020ec       0x94 build/stm32f1xx_hal_uart.o
 .text.UART_EndTxTransfer
                0x0000000008002180       0x2c build/stm32f1xx_hal_uart.o
 .text.UART_EndRxTransfer
                0x00000000080021ac       0x3c build/stm32f1xx_hal_uart.o
 .text.UART_DMAAbortOnError
                0x00000000080021e8       0x28 build/stm32f1xx_hal_uart.o
 .text.UART_Transmit_IT
                0x0000000008002210       0xac build/stm32f1xx_hal_uart.o
 .text.UART_EndTransmit_IT
                0x00000000080022bc       0x30 build/stm32f1xx_hal_uart.o
 .text.UART_Receive_IT
                0x00000000080022ec      0x104 build/stm32f1xx_hal_uart.o
 .text.UART_SetConfig
                0x00000000080023f0      0x22c build/stm32f1xx_hal_uart.o
 .text.Reset_Handler
                0x000000000800261c       0x48 build/startup_stm32f103xb.o
                0x000000000800261c                Reset_Handler
 .text.Default_Handler
                0x0000000008002664        0x2 build/startup_stm32f103xb.o
                0x0000000008002664                RTC_Alarm_IRQHandler
                0x0000000008002664                EXTI2_IRQHandler
                0x0000000008002664                TIM1_CC_IRQHandler
                0x0000000008002664                PVD_IRQHandler
                0x0000000008002664                EXTI3_IRQHandler
                0x0000000008002664                I2C2_EV_IRQHandler
                0x0000000008002664                ADC1_2_IRQHandler
                0x0000000008002664                SPI1_IRQHandler
                0x0000000008002664                TAMPER_IRQHandler
                0x0000000008002664                USART3_IRQHandler
                0x0000000008002664                RTC_IRQHandler
                0x0000000008002664                DMA1_Channel7_IRQHandler
                0x0000000008002664                CAN1_RX1_IRQHandler
                0x0000000008002664                TIM4_IRQHandler
                0x0000000008002664                I2C1_EV_IRQHandler
                0x0000000008002664                DMA1_Channel6_IRQHandler
                0x0000000008002664                TIM3_IRQHandler
                0x0000000008002664                RCC_IRQHandler
                0x0000000008002664                TIM1_TRG_COM_IRQHandler
                0x0000000008002664                DMA1_Channel1_IRQHandler
                0x0000000008002664                Default_Handler
                0x0000000008002664                EXTI15_10_IRQHandler
                0x0000000008002664                EXTI9_5_IRQHandler
                0x0000000008002664                SPI2_IRQHandler
                0x0000000008002664                EXTI4_IRQHandler
                0x0000000008002664                USB_LP_CAN1_RX0_IRQHandler
                0x0000000008002664                USB_HP_CAN1_TX_IRQHandler
                0x0000000008002664                DMA1_Channel3_IRQHandler
                0x0000000008002664                TIM1_UP_IRQHandler
                0x0000000008002664                WWDG_IRQHandler
                0x0000000008002664                TIM2_IRQHandler
                0x0000000008002664                TIM1_BRK_IRQHandler
                0x0000000008002664                EXTI1_IRQHandler
                0x0000000008002664                USART2_IRQHandler
                0x0000000008002664                I2C2_ER_IRQHandler
                0x0000000008002664                DMA1_Channel2_IRQHandler
                0x0000000008002664                CAN1_SCE_IRQHandler
                0x0000000008002664                FLASH_IRQHandler
                0x0000000008002664                I2C1_ER_IRQHandler
                0x0000000008002664                USBWakeUp_IRQHandler
 *fill*         0x0000000008002666        0x2 
 .text.__libc_init_array
                0x0000000008002668       0x4c /usr/lib/gcc/arm-none-eabi/4.9.3/../../../arm-none-eabi/lib/armv7-m/libc_nano.a(lib_a-init.o)
                0x0000000008002668                __libc_init_array
 *(.glue_7)
 .glue_7        0x00000000080026b4        0x0 linker stubs
 *(.glue_7t)
 .glue_7t       0x00000000080026b4        0x0 linker stubs
 *(.eh_frame)
 .eh_frame      0x00000000080026b4        0x0 /usr/lib/gcc/arm-none-eabi/4.9.3/armv7-m/crtbegin.o
 *(.init)
 .init          0x00000000080026b4        0x4 /usr/lib/gcc/arm-none-eabi/4.9.3/armv7-m/crti.o
                0x00000000080026b4                _init
 .init          0x00000000080026b8        0x8 /usr/lib/gcc/arm-none-eabi/4.9.3/armv7-m/crtn.o
 *(.fini)
 .fini          0x00000000080026c0        0x4 /usr/lib/gcc/arm-none-eabi/4.9.3/armv7-m/crti.o
                0x00000000080026c0                _fini
 .fini          0x00000000080026c4        0x8 /usr/lib/gcc/arm-none-eabi/4.9.3/armv7-m/crtn.o
                0x00000000080026cc                . = ALIGN (0x4)
                0x00000000080026cc                _etext = .

.vfp11_veneer   0x00000000080026cc        0x0
 .vfp11_veneer  0x00000000080026cc        0x0 linker stubs

.v4_bx          0x00000000080026cc        0x0
 .v4_bx         0x00000000080026cc        0x0 linker stubs

.iplt           0x00000000080026cc        0x0
 .iplt          0x00000000080026cc        0x0 /usr/lib/gcc/arm-none-eabi/4.9.3/armv7-m/crtbegin.o

.rodata         0x00000000080026cc       0x58
                0x00000000080026cc                . = ALIGN (0x4)
 *(.rodata)
 .rodata        0x00000000080026cc       0x13 build/main.o
 *fill*         0x00000000080026df        0x1 
 .rodata        0x00000000080026e0       0x18 build/stm32f1xx_hal_msp.o
 .rodata        0x00000000080026f8       0x12 build/stm32f1xx_hal_rcc.o
 *(.rodata*)
 *fill*         0x000000000800270a        0x2 
 .rodata.AHBPrescTable
                0x000000000800270c       0x10 build/system_stm32f1xx.o
                0x000000000800270c                AHBPrescTable
 .rodata.APBPrescTable
                0x000000000800271c        0x8 build/system_stm32f1xx.o
                0x000000000800271c                APBPrescTable
                0x0000000008002724                . = ALIGN (0x4)

.rel.dyn        0x0000000008002724        0x0
 .rel.iplt      0x0000000008002724        0x0 /usr/lib/gcc/arm-none-eabi/4.9.3/armv7-m/crtbegin.o

.ARM.extab
 *(.ARM.extab* .gnu.linkonce.armextab.*)

.ARM            0x0000000008002724        0x0
                0x0000000008002724                __exidx_start = .
 *(.ARM.exidx*)
                0x0000000008002724                __exidx_end = .

.preinit_array  0x0000000008002724        0x0
                0x0000000008002724                PROVIDE (__preinit_array_start, .)
 *(.preinit_array*)
                0x0000000008002724                PROVIDE (__preinit_array_end, .)

.init_array     0x0000000008002724        0x4
                0x0000000008002724                PROVIDE (__init_array_start, .)
 *(SORT(.init_array.*))
 *(.init_array*)
 .init_array    0x0000000008002724        0x4 /usr/lib/gcc/arm-none-eabi/4.9.3/armv7-m/crtbegin.o
                0x0000000008002728                PROVIDE (__init_array_end, .)

.fini_array     0x0000000008002728        0x4
                0x0000000008002728                PROVIDE (__fini_array_start, .)
 *(SORT(.fini_array.*))
 *(.fini_array*)
 .fini_array    0x0000000008002728        0x4 /usr/lib/gcc/arm-none-eabi/4.9.3/armv7-m/crtbegin.o
                0x000000000800272c                PROVIDE (__fini_array_end, .)
                0x000000000800272c                _sidata = LOADADDR (.data)

.data           0x0000000020000000       0x10 load address 0x000000000800272c
                0x0000000020000000                . = ALIGN (0x4)
                0x0000000020000000                _sdata = .
 *(.data)
 *(.data*)
 .data.data     0x0000000020000000        0x1 build/main.o
                0x0000000020000000                data
 *fill*         0x0000000020000001        0x3 
 .data.uwTickPrio
                0x0000000020000004        0x4 build/stm32f1xx_hal.o
                0x0000000020000004                uwTickPrio
 .data.uwTickFreq
                0x0000000020000008        0x1 build/stm32f1xx_hal.o
                0x0000000020000008                uwTickFreq
 *fill*         0x0000000020000009        0x3 
 .data.SystemCoreClock
                0x000000002000000c        0x4 build/system_stm32f1xx.o
                0x000000002000000c                SystemCoreClock
                0x0000000020000010                . = ALIGN (0x4)
                0x0000000020000010                _edata = .

.jcr            0x0000000020000010        0x0 load address 0x000000000800273c
 .jcr           0x0000000020000010        0x0 /usr/lib/gcc/arm-none-eabi/4.9.3/armv7-m/crtbegin.o

.tm_clone_table
                0x0000000020000010        0x0 load address 0x000000000800273c
 .tm_clone_table
                0x0000000020000010        0x0 /usr/lib/gcc/arm-none-eabi/4.9.3/armv7-m/crtbegin.o
 .tm_clone_table
                0x0000000020000010        0x0 /usr/lib/gcc/arm-none-eabi/4.9.3/armv7-m/crtend.o

.igot.plt       0x0000000020000010        0x0 load address 0x000000000800273c
 .igot.plt      0x0000000020000010        0x0 /usr/lib/gcc/arm-none-eabi/4.9.3/armv7-m/crtbegin.o
                0x0000000020000010                . = ALIGN (0x4)

.bss            0x0000000020000010       0xec load address 0x000000000800273c
                0x0000000020000010                _sbss = .
                0x0000000020000010                __bss_start__ = _sbss
 *(.bss)
 .bss           0x0000000020000010       0x1c /usr/lib/gcc/arm-none-eabi/4.9.3/armv7-m/crtbegin.o
 *(.bss*)
 .bss.ticks_delay
                0x000000002000002c        0x4 build/main.o
                0x000000002000002c                ticks_delay
 *(COMMON)
 COMMON         0x0000000020000030       0xc8 build/main.o
                0x0000000020000030                hdma_usart1_tx
                0x0000000020000074                hdma_usart1_rx
                0x00000000200000b8                huart1
 COMMON         0x00000000200000f8        0x4 build/stm32f1xx_hal.o
                0x00000000200000f8                uwTick
                0x00000000200000fc                . = ALIGN (0x4)
                0x00000000200000fc                _ebss = .
                0x00000000200000fc                __bss_end__ = _ebss

._user_heap_stack
                0x00000000200000fc      0x604 load address 0x000000000800273c
                0x0000000020000100                . = ALIGN (0x8)
 *fill*         0x00000000200000fc        0x4 
                [!provide]                        PROVIDE (end, .)
                [!provide]                        PROVIDE (_end, .)
                0x0000000020000300                . = (. + _Min_Heap_Size)
 *fill*         0x0000000020000100      0x200 
                0x0000000020000700                . = (. + _Min_Stack_Size)
 *fill*         0x0000000020000300      0x400 
                0x0000000020000700                . = ALIGN (0x8)

/DISCARD/
 libc.a(*)
 libm.a(*)
 libgcc.a(*)

.ARM.attributes
                0x0000000000000000       0x29
 *(.ARM.attributes)
 .ARM.attributes
                0x0000000000000000       0x1d /usr/lib/gcc/arm-none-eabi/4.9.3/armv7-m/crti.o
 .ARM.attributes
                0x000000000000001d       0x2d /usr/lib/gcc/arm-none-eabi/4.9.3/armv7-m/crtbegin.o
 .ARM.attributes
                0x000000000000004a       0x33 build/main.o
 .ARM.attributes
                0x000000000000007d       0x33 build/stm32f1xx_it.o
 .ARM.attributes
                0x00000000000000b0       0x33 build/stm32f1xx_hal_msp.o
 .ARM.attributes
                0x00000000000000e3       0x33 build/stm32f1xx_hal.o
 .ARM.attributes
                0x0000000000000116       0x33 build/stm32f1xx_hal_rcc.o
 .ARM.attributes
                0x0000000000000149       0x33 build/stm32f1xx_hal_gpio.o
 .ARM.attributes
                0x000000000000017c       0x33 build/stm32f1xx_hal_dma.o
 .ARM.attributes
                0x00000000000001af       0x33 build/stm32f1xx_hal_cortex.o
 .ARM.attributes
                0x00000000000001e2       0x33 build/system_stm32f1xx.o
 .ARM.attributes
                0x0000000000000215       0x33 build/stm32f1xx_hal_uart.o
 .ARM.attributes
                0x0000000000000248       0x21 build/startup_stm32f103xb.o
 .ARM.attributes
                0x0000000000000269       0x2d /usr/lib/gcc/arm-none-eabi/4.9.3/../../../arm-none-eabi/lib/armv7-m/libc_nano.a(lib_a-init.o)
 .ARM.attributes
                0x0000000000000296       0x2d /usr/lib/gcc/arm-none-eabi/4.9.3/armv7-m/crtend.o
 .ARM.attributes
                0x00000000000002c3       0x1d /usr/lib/gcc/arm-none-eabi/4.9.3/armv7-m/crtn.o
OUTPUT(build/blink.elf elf32-littlearm)

.comment        0x0000000000000000       0x70
 .comment       0x0000000000000000       0x38 /usr/lib/gcc/arm-none-eabi/4.9.3/armv7-m/crtbegin.o
                                         0x39 (size before relaxing)
 .comment       0x0000000000000038       0x39 build/main.o
 .comment       0x0000000000000038       0x39 build/stm32f1xx_it.o
 .comment       0x0000000000000038       0x39 build/stm32f1xx_hal_msp.o
 .comment       0x0000000000000038       0x39 build/stm32f1xx_hal.o
 .comment       0x0000000000000038       0x39 build/stm32f1xx_hal_rcc.o
 .comment       0x0000000000000038       0x39 build/stm32f1xx_hal_gpio.o
 .comment       0x0000000000000038       0x39 build/stm32f1xx_hal_dma.o
 .comment       0x0000000000000038       0x39 build/stm32f1xx_hal_cortex.o
 .comment       0x0000000000000038       0x39 build/system_stm32f1xx.o
 .comment       0x0000000000000038       0x39 build/stm32f1xx_hal_uart.o
 .comment       0x0000000000000038       0x38 /usr/lib/gcc/arm-none-eabi/4.9.3/../../../arm-none-eabi/lib/armv7-m/libc_nano.a(lib_a-init.o)
                                         0x39 (size before relaxing)
 .comment       0x0000000000000070       0x39 /usr/lib/gcc/arm-none-eabi/4.9.3/armv7-m/crtend.o

.debug_info     0x0000000000000000     0x5dac
 .debug_info    0x0000000000000000      0xc3a build/main.o
 .debug_info    0x0000000000000c3a      0x704 build/stm32f1xx_it.o
 .debug_info    0x000000000000133e      0x99a build/stm32f1xx_hal_msp.o
 .debug_info    0x0000000000001cd8      0x724 build/stm32f1xx_hal.o
 .debug_info    0x00000000000023fc      0x87b build/stm32f1xx_hal_rcc.o
 .debug_info    0x0000000000002c77      0x650 build/stm32f1xx_hal_gpio.o
 .debug_info    0x00000000000032c7      0x75c build/stm32f1xx_hal_dma.o
 .debug_info    0x0000000000003a23      0xb76 build/stm32f1xx_hal_cortex.o
 .debug_info    0x0000000000004599      0x411 build/system_stm32f1xx.o
 .debug_info    0x00000000000049aa     0x129c build/stm32f1xx_hal_uart.o
 .debug_info    0x0000000000005c46       0x61 build/startup_stm32f103xb.o
 .debug_info    0x0000000000005ca7      0x105 /usr/lib/gcc/arm-none-eabi/4.9.3/../../../arm-none-eabi/lib/armv7-m/libc_nano.a(lib_a-init.o)

.debug_abbrev   0x0000000000000000     0x129c
 .debug_abbrev  0x0000000000000000      0x202 build/main.o
 .debug_abbrev  0x0000000000000202      0x132 build/stm32f1xx_it.o
 .debug_abbrev  0x0000000000000334      0x168 build/stm32f1xx_hal_msp.o
 .debug_abbrev  0x000000000000049c      0x1dd build/stm32f1xx_hal.o
 .debug_abbrev  0x0000000000000679      0x25e build/stm32f1xx_hal_rcc.o
 .debug_abbrev  0x00000000000008d7      0x1ac build/stm32f1xx_hal_gpio.o
 .debug_abbrev  0x0000000000000a83      0x1b5 build/stm32f1xx_hal_dma.o
 .debug_abbrev  0x0000000000000c38      0x27d build/stm32f1xx_hal_cortex.o
 .debug_abbrev  0x0000000000000eb5      0x122 build/system_stm32f1xx.o
 .debug_abbrev  0x0000000000000fd7      0x1f9 build/stm32f1xx_hal_uart.o
 .debug_abbrev  0x00000000000011d0       0x12 build/startup_stm32f103xb.o
 .debug_abbrev  0x00000000000011e2       0xba /usr/lib/gcc/arm-none-eabi/4.9.3/../../../arm-none-eabi/lib/armv7-m/libc_nano.a(lib_a-init.o)

.debug_loc      0x0000000000000000     0x33b2
 .debug_loc     0x0000000000000000      0x246 build/main.o
 .debug_loc     0x0000000000000246      0x29c build/stm32f1xx_it.o
 .debug_loc     0x00000000000004e2       0xf0 build/stm32f1xx_hal_msp.o
 .debug_loc     0x00000000000005d2      0x628 build/stm32f1xx_hal.o
 .debug_loc     0x0000000000000bfa      0x444 build/stm32f1xx_hal_rcc.o
 .debug_loc     0x000000000000103e      0x2d4 build/stm32f1xx_hal_gpio.o
 .debug_loc     0x0000000000001312      0x470 build/stm32f1xx_hal_dma.o
 .debug_loc     0x0000000000001782      0x8f8 build/stm32f1xx_hal_cortex.o
 .debug_loc     0x000000000000207a       0xa0 build/system_stm32f1xx.o
 .debug_loc     0x000000000000211a     0x1250 build/stm32f1xx_hal_uart.o
 .debug_loc     0x000000000000336a       0x48 /usr/lib/gcc/arm-none-eabi/4.9.3/../../../arm-none-eabi/lib/armv7-m/libc_nano.a(lib_a-init.o)

.debug_aranges  0x0000000000000000      0x680
 .debug_aranges
                0x0000000000000000       0x58 build/main.o
 .debug_aranges
                0x0000000000000058       0x80 build/stm32f1xx_it.o
 .debug_aranges
                0x00000000000000d8       0x30 build/stm32f1xx_hal_msp.o
 .debug_aranges
                0x0000000000000108       0xd0 build/stm32f1xx_hal.o
 .debug_aranges
                0x00000000000001d8       0x90 build/stm32f1xx_hal_rcc.o
 .debug_aranges
                0x0000000000000268       0x58 build/stm32f1xx_hal_gpio.o
 .debug_aranges
                0x00000000000002c0       0x80 build/stm32f1xx_hal_dma.o
 .debug_aranges
                0x0000000000000340      0x100 build/stm32f1xx_hal_cortex.o
 .debug_aranges
                0x0000000000000440       0x28 build/system_stm32f1xx.o
 .debug_aranges
                0x0000000000000468      0x1d0 build/stm32f1xx_hal_uart.o
 .debug_aranges
                0x0000000000000638       0x28 build/startup_stm32f103xb.o
 .debug_aranges
                0x0000000000000660       0x20 /usr/lib/gcc/arm-none-eabi/4.9.3/../../../arm-none-eabi/lib/armv7-m/libc_nano.a(lib_a-init.o)

.debug_ranges   0x0000000000000000      0x5c8
 .debug_ranges  0x0000000000000000       0x48 build/main.o
 .debug_ranges  0x0000000000000048       0x70 build/stm32f1xx_it.o
 .debug_ranges  0x00000000000000b8       0x20 build/stm32f1xx_hal_msp.o
 .debug_ranges  0x00000000000000d8       0xc0 build/stm32f1xx_hal.o
 .debug_ranges  0x0000000000000198       0x80 build/stm32f1xx_hal_rcc.o
 .debug_ranges  0x0000000000000218       0x48 build/stm32f1xx_hal_gpio.o
 .debug_ranges  0x0000000000000260       0x70 build/stm32f1xx_hal_dma.o
 .debug_ranges  0x00000000000002d0       0xf0 build/stm32f1xx_hal_cortex.o
 .debug_ranges  0x00000000000003c0       0x18 build/system_stm32f1xx.o
 .debug_ranges  0x00000000000003d8      0x1c0 build/stm32f1xx_hal_uart.o
 .debug_ranges  0x0000000000000598       0x20 build/startup_stm32f103xb.o
 .debug_ranges  0x00000000000005b8       0x10 /usr/lib/gcc/arm-none-eabi/4.9.3/../../../arm-none-eabi/lib/armv7-m/libc_nano.a(lib_a-init.o)

.debug_line     0x0000000000000000     0x277e
 .debug_line    0x0000000000000000      0x27f build/main.o
 .debug_line    0x000000000000027f      0x244 build/stm32f1xx_it.o
 .debug_line    0x00000000000004c3      0x1d0 build/stm32f1xx_hal_msp.o
 .debug_line    0x0000000000000693      0x325 build/stm32f1xx_hal.o
 .debug_line    0x00000000000009b8      0x45e build/stm32f1xx_hal_rcc.o
 .debug_line    0x0000000000000e16      0x352 build/stm32f1xx_hal_gpio.o
 .debug_line    0x0000000000001168      0x5ad build/stm32f1xx_hal_dma.o
 .debug_line    0x0000000000001715      0x3c0 build/stm32f1xx_hal_cortex.o
 .debug_line    0x0000000000001ad5      0x141 build/system_stm32f1xx.o
 .debug_line    0x0000000000001c16      0xa3f build/stm32f1xx_hal_uart.o
 .debug_line    0x0000000000002655       0x72 build/startup_stm32f103xb.o
 .debug_line    0x00000000000026c7       0xb7 /usr/lib/gcc/arm-none-eabi/4.9.3/../../../arm-none-eabi/lib/armv7-m/libc_nano.a(lib_a-init.o)

.debug_str      0x0000000000000000     0x1e16
 .debug_str     0x0000000000000000      0xa1a build/main.o
                                        0xaa6 (size before relaxing)
 .debug_str     0x0000000000000a1a       0xf8 build/stm32f1xx_it.o
                                        0x64b (size before relaxing)
 .debug_str     0x0000000000000b12       0x7c build/stm32f1xx_hal_msp.o
                                        0x91e (size before relaxing)
 .debug_str     0x0000000000000b8e      0x2ba build/stm32f1xx_hal.o
                                        0x79c (size before relaxing)
 .debug_str     0x0000000000000e48      0x22e build/stm32f1xx_hal_rcc.o
                                        0x5da (size before relaxing)
 .debug_str     0x0000000000001076      0x14e build/stm32f1xx_hal_gpio.o
                                        0x3ec (size before relaxing)
 .debug_str     0x00000000000011c4      0x23c build/stm32f1xx_hal_dma.o
                                        0x5d7 (size before relaxing)
 .debug_str     0x0000000000001400      0x313 build/stm32f1xx_hal_cortex.o
                                        0x891 (size before relaxing)
 .debug_str     0x0000000000001713       0x4a build/system_stm32f1xx.o
                                        0x293 (size before relaxing)
 .debug_str     0x000000000000175d      0x51a build/stm32f1xx_hal_uart.o
                                        0xae0 (size before relaxing)
 .debug_str     0x0000000000001c77      0x19f /usr/lib/gcc/arm-none-eabi/4.9.3/../../../arm-none-eabi/lib/armv7-m/libc_nano.a(lib_a-init.o)
                                        0x231 (size before relaxing)

.debug_frame    0x0000000000000000     0x19e8
 .debug_frame   0x0000000000000000      0x130 build/main.o
 .debug_frame   0x0000000000000130      0x19c build/stm32f1xx_it.o
 .debug_frame   0x00000000000002cc       0x88 build/stm32f1xx_hal_msp.o
 .debug_frame   0x0000000000000354      0x34c build/stm32f1xx_hal.o
 .debug_frame   0x00000000000006a0      0x23c build/stm32f1xx_hal_rcc.o
 .debug_frame   0x00000000000008dc      0x154 build/stm32f1xx_hal_gpio.o
 .debug_frame   0x0000000000000a30      0x218 build/stm32f1xx_hal_dma.o
 .debug_frame   0x0000000000000c48      0x460 build/stm32f1xx_hal_cortex.o
 .debug_frame   0x00000000000010a8       0x5c build/system_stm32f1xx.o
 .debug_frame   0x0000000000001104      0x8b8 build/stm32f1xx_hal_uart.o
 .debug_frame   0x00000000000019bc       0x2c /usr/lib/gcc/arm-none-eabi/4.9.3/../../../arm-none-eabi/lib/armv7-m/libc_nano.a(lib_a-init.o)

Cross Reference Table

Symbol                                            File
ADC1_2_IRQHandler                                 build/startup_stm32f103xb.o
AHBPrescTable                                     build/system_stm32f1xx.o
                                                  build/stm32f1xx_hal_rcc.o
APBPrescTable                                     build/system_stm32f1xx.o
                                                  build/stm32f1xx_hal_rcc.o
BusFault_Handler                                  build/stm32f1xx_it.o
CAN1_RX1_IRQHandler                               build/startup_stm32f103xb.o
CAN1_SCE_IRQHandler                               build/startup_stm32f103xb.o
DMA1_Channel1_IRQHandler                          build/startup_stm32f103xb.o
DMA1_Channel2_IRQHandler                          build/startup_stm32f103xb.o
DMA1_Channel3_IRQHandler                          build/startup_stm32f103xb.o
DMA1_Channel4_IRQHandler                          build/stm32f1xx_it.o
DMA1_Channel5_IRQHandler                          build/stm32f1xx_it.o
DMA1_Channel6_IRQHandler                          build/startup_stm32f103xb.o
DMA1_Channel7_IRQHandler                          build/startup_stm32f103xb.o
DebugMon_Handler                                  build/stm32f1xx_it.o
Default_Handler                                   build/startup_stm32f103xb.o
Delay2                                            build/main.o
EXTI0_IRQHandler                                  build/stm32f1xx_it.o
EXTI15_10_IRQHandler                              build/startup_stm32f103xb.o
EXTI1_IRQHandler                                  build/startup_stm32f103xb.o
EXTI2_IRQHandler                                  build/startup_stm32f103xb.o
EXTI3_IRQHandler                                  build/startup_stm32f103xb.o
EXTI4_IRQHandler                                  build/startup_stm32f103xb.o
EXTI9_5_IRQHandler                                build/startup_stm32f103xb.o
FLASH_IRQHandler                                  build/startup_stm32f103xb.o
FLASH_PageErase                                   build/stm32f1xx_hal_flash_ex.o
                                                  build/stm32f1xx_hal_flash.o
FLASH_WaitForLastOperation                        build/stm32f1xx_hal_flash.o
                                                  build/stm32f1xx_hal_flash_ex.o
HAL_DBGMCU_DisableDBGSleepMode                    build/stm32f1xx_hal.o
HAL_DBGMCU_DisableDBGStandbyMode                  build/stm32f1xx_hal.o
HAL_DBGMCU_DisableDBGStopMode                     build/stm32f1xx_hal.o
HAL_DBGMCU_EnableDBGSleepMode                     build/stm32f1xx_hal.o
HAL_DBGMCU_EnableDBGStandbyMode                   build/stm32f1xx_hal.o
HAL_DBGMCU_EnableDBGStopMode                      build/stm32f1xx_hal.o
HAL_DMA_Abort                                     build/stm32f1xx_hal_dma.o
                                                  build/stm32f1xx_hal_uart.o
HAL_DMA_Abort_IT                                  build/stm32f1xx_hal_dma.o
                                                  build/stm32f1xx_hal_uart.o
HAL_DMA_DeInit                                    build/stm32f1xx_hal_dma.o
                                                  build/stm32f1xx_hal_msp.o
HAL_DMA_GetError                                  build/stm32f1xx_hal_dma.o
HAL_DMA_GetState                                  build/stm32f1xx_hal_dma.o
HAL_DMA_IRQHandler                                build/stm32f1xx_hal_dma.o
                                                  build/stm32f1xx_it.o
HAL_DMA_Init                                      build/stm32f1xx_hal_dma.o
                                                  build/stm32f1xx_hal_msp.o
HAL_DMA_PollForTransfer                           build/stm32f1xx_hal_dma.o
HAL_DMA_RegisterCallback                          build/stm32f1xx_hal_dma.o
HAL_DMA_Start                                     build/stm32f1xx_hal_dma.o
HAL_DMA_Start_IT                                  build/stm32f1xx_hal_dma.o
                                                  build/stm32f1xx_hal_uart.o
HAL_DMA_UnRegisterCallback                        build/stm32f1xx_hal_dma.o
HAL_DeInit                                        build/stm32f1xx_hal.o
HAL_Delay                                         build/stm32f1xx_hal.o
                                                  build/main.o
HAL_FLASHEx_Erase                                 build/stm32f1xx_hal_flash_ex.o
HAL_FLASHEx_Erase_IT                              build/stm32f1xx_hal_flash_ex.o
HAL_FLASHEx_OBErase                               build/stm32f1xx_hal_flash_ex.o
HAL_FLASHEx_OBGetConfig                           build/stm32f1xx_hal_flash_ex.o
HAL_FLASHEx_OBGetUserData                         build/stm32f1xx_hal_flash_ex.o
HAL_FLASHEx_OBProgram                             build/stm32f1xx_hal_flash_ex.o
HAL_FLASH_EndOfOperationCallback                  build/stm32f1xx_hal_flash.o
HAL_FLASH_GetError                                build/stm32f1xx_hal_flash.o
HAL_FLASH_IRQHandler                              build/stm32f1xx_hal_flash.o
HAL_FLASH_Lock                                    build/stm32f1xx_hal_flash.o
HAL_FLASH_OB_Launch                               build/stm32f1xx_hal_flash.o
HAL_FLASH_OB_Lock                                 build/stm32f1xx_hal_flash.o
HAL_FLASH_OB_Unlock                               build/stm32f1xx_hal_flash.o
HAL_FLASH_OperationErrorCallback                  build/stm32f1xx_hal_flash.o
HAL_FLASH_Program                                 build/stm32f1xx_hal_flash.o
HAL_FLASH_Program_IT                              build/stm32f1xx_hal_flash.o
HAL_FLASH_Unlock                                  build/stm32f1xx_hal_flash.o
HAL_GPIOEx_ConfigEventout                         build/stm32f1xx_hal_gpio_ex.o
HAL_GPIOEx_DisableEventout                        build/stm32f1xx_hal_gpio_ex.o
HAL_GPIOEx_EnableEventout                         build/stm32f1xx_hal_gpio_ex.o
HAL_GPIO_DeInit                                   build/stm32f1xx_hal_gpio.o
                                                  build/stm32f1xx_hal_msp.o
HAL_GPIO_EXTI_Callback                            build/stm32f1xx_hal_gpio.o
HAL_GPIO_EXTI_IRQHandler                          build/stm32f1xx_hal_gpio.o
                                                  build/stm32f1xx_it.o
HAL_GPIO_Init                                     build/stm32f1xx_hal_gpio.o
                                                  build/stm32f1xx_hal_rcc.o
                                                  build/stm32f1xx_hal_msp.o
                                                  build/main.o
HAL_GPIO_LockPin                                  build/stm32f1xx_hal_gpio.o
HAL_GPIO_ReadPin                                  build/stm32f1xx_hal_gpio.o
HAL_GPIO_TogglePin                                build/stm32f1xx_hal_gpio.o
HAL_GPIO_WritePin                                 build/stm32f1xx_hal_gpio.o
                                                  build/main.o
HAL_GetDEVID                                      build/stm32f1xx_hal.o
HAL_GetHalVersion                                 build/stm32f1xx_hal.o
HAL_GetREVID                                      build/stm32f1xx_hal.o
HAL_GetTick                                       build/stm32f1xx_hal.o
                                                  build/stm32f1xx_hal_uart.o
                                                  build/stm32f1xx_hal_flash.o
                                                  build/stm32f1xx_hal_dma.o
                                                  build/stm32f1xx_hal_rcc_ex.o
                                                  build/stm32f1xx_hal_rcc.o
HAL_GetTickFreq                                   build/stm32f1xx_hal.o
HAL_GetTickPrio                                   build/stm32f1xx_hal.o
HAL_GetUID                                        build/stm32f1xx_hal.o
HAL_HalfDuplex_EnableReceiver                     build/stm32f1xx_hal_uart.o
HAL_HalfDuplex_EnableTransmitter                  build/stm32f1xx_hal_uart.o
HAL_HalfDuplex_Init                               build/stm32f1xx_hal_uart.o
HAL_IncTick                                       build/stm32f1xx_hal.o
                                                  build/stm32f1xx_it.o
HAL_Init                                          build/stm32f1xx_hal.o
                                                  build/main.o
HAL_InitTick                                      build/stm32f1xx_hal.o
                                                  build/stm32f1xx_hal_rcc.o
HAL_LIN_Init                                      build/stm32f1xx_hal_uart.o
HAL_LIN_SendBreak                                 build/stm32f1xx_hal_uart.o
HAL_MspDeInit                                     build/stm32f1xx_hal.o
HAL_MspInit                                       build/stm32f1xx_hal_msp.o
HAL_MultiProcessor_EnterMuteMode                  build/stm32f1xx_hal_uart.o
HAL_MultiProcessor_ExitMuteMode                   build/stm32f1xx_hal_uart.o
HAL_MultiProcessor_Init                           build/stm32f1xx_hal_uart.o
HAL_NVIC_ClearPendingIRQ                          build/stm32f1xx_hal_cortex.o
HAL_NVIC_DisableIRQ                               build/stm32f1xx_hal_cortex.o
                                                  build/stm32f1xx_hal_msp.o
HAL_NVIC_EnableIRQ                                build/stm32f1xx_hal_cortex.o
                                                  build/stm32f1xx_hal_msp.o
                                                  build/main.o
HAL_NVIC_GetActive                                build/stm32f1xx_hal_cortex.o
HAL_NVIC_GetPendingIRQ                            build/stm32f1xx_hal_cortex.o
HAL_NVIC_GetPriority                              build/stm32f1xx_hal_cortex.o
HAL_NVIC_GetPriorityGrouping                      build/stm32f1xx_hal_cortex.o
HAL_NVIC_SetPendingIRQ                            build/stm32f1xx_hal_cortex.o
HAL_NVIC_SetPriority                              build/stm32f1xx_hal_cortex.o
                                                  build/stm32f1xx_hal.o
                                                  build/stm32f1xx_hal_msp.o
                                                  build/main.o
HAL_NVIC_SetPriorityGrouping                      build/stm32f1xx_hal_cortex.o
                                                  build/stm32f1xx_hal.o
                                                  build/stm32f1xx_hal_msp.o
HAL_NVIC_SystemReset                              build/stm32f1xx_hal_cortex.o
                                                  build/stm32f1xx_hal_flash.o
HAL_PWR_ConfigPVD                                 build/stm32f1xx_hal_pwr.o
HAL_PWR_DeInit                                    build/stm32f1xx_hal_pwr.o
HAL_PWR_DisableBkUpAccess                         build/stm32f1xx_hal_pwr.o
HAL_PWR_DisablePVD                                build/stm32f1xx_hal_pwr.o
HAL_PWR_DisableSEVOnPend                          build/stm32f1xx_hal_pwr.o
HAL_PWR_DisableSleepOnExit                        build/stm32f1xx_hal_pwr.o
HAL_PWR_DisableWakeUpPin                          build/stm32f1xx_hal_pwr.o
HAL_PWR_EnableBkUpAccess                          build/stm32f1xx_hal_pwr.o
HAL_PWR_EnablePVD                                 build/stm32f1xx_hal_pwr.o
HAL_PWR_EnableSEVOnPend                           build/stm32f1xx_hal_pwr.o
HAL_PWR_EnableSleepOnExit                         build/stm32f1xx_hal_pwr.o
HAL_PWR_EnableWakeUpPin                           build/stm32f1xx_hal_pwr.o
HAL_PWR_EnterSLEEPMode                            build/stm32f1xx_hal_pwr.o
HAL_PWR_EnterSTANDBYMode                          build/stm32f1xx_hal_pwr.o
HAL_PWR_EnterSTOPMode                             build/stm32f1xx_hal_pwr.o
HAL_PWR_PVDCallback                               build/stm32f1xx_hal_pwr.o
HAL_PWR_PVD_IRQHandler                            build/stm32f1xx_hal_pwr.o
HAL_RCCEx_GetPeriphCLKConfig                      build/stm32f1xx_hal_rcc_ex.o
HAL_RCCEx_GetPeriphCLKFreq                        build/stm32f1xx_hal_rcc_ex.o
HAL_RCCEx_PeriphCLKConfig                         build/stm32f1xx_hal_rcc_ex.o
HAL_RCC_CSSCallback                               build/stm32f1xx_hal_rcc.o
HAL_RCC_ClockConfig                               build/stm32f1xx_hal_rcc.o
                                                  build/main.o
HAL_RCC_DeInit                                    build/stm32f1xx_hal_rcc.o
HAL_RCC_DisableCSS                                build/stm32f1xx_hal_rcc.o
HAL_RCC_EnableCSS                                 build/stm32f1xx_hal_rcc.o
HAL_RCC_GetClockConfig                            build/stm32f1xx_hal_rcc.o
HAL_RCC_GetHCLKFreq                               build/stm32f1xx_hal_rcc.o
                                                  build/main.o
HAL_RCC_GetOscConfig                              build/stm32f1xx_hal_rcc.o
HAL_RCC_GetPCLK1Freq                              build/stm32f1xx_hal_rcc.o
                                                  build/stm32f1xx_hal_uart.o
HAL_RCC_GetPCLK2Freq                              build/stm32f1xx_hal_rcc.o
                                                  build/stm32f1xx_hal_uart.o
                                                  build/stm32f1xx_hal_rcc_ex.o
HAL_RCC_GetSysClockFreq                           build/stm32f1xx_hal_rcc.o
HAL_RCC_MCOConfig                                 build/stm32f1xx_hal_rcc.o
HAL_RCC_NMI_IRQHandler                            build/stm32f1xx_hal_rcc.o
HAL_RCC_OscConfig                                 build/stm32f1xx_hal_rcc.o
                                                  build/main.o
HAL_ResumeTick                                    build/stm32f1xx_hal.o
HAL_SYSTICK_CLKSourceConfig                       build/stm32f1xx_hal_cortex.o
                                                  build/main.o
HAL_SYSTICK_Callback                              build/stm32f1xx_hal_cortex.o
HAL_SYSTICK_Config                                build/stm32f1xx_hal_cortex.o
                                                  build/stm32f1xx_hal.o
                                                  build/main.o
HAL_SYSTICK_IRQHandler                            build/stm32f1xx_hal_cortex.o
                                                  build/stm32f1xx_it.o
HAL_SetTickFreq                                   build/stm32f1xx_hal.o
HAL_SuspendTick                                   build/stm32f1xx_hal.o
HAL_UART_Abort                                    build/stm32f1xx_hal_uart.o
HAL_UART_AbortCpltCallback                        build/stm32f1xx_hal_uart.o
HAL_UART_AbortReceive                             build/stm32f1xx_hal_uart.o
HAL_UART_AbortReceiveCpltCallback                 build/stm32f1xx_hal_uart.o
HAL_UART_AbortReceive_IT                          build/stm32f1xx_hal_uart.o
HAL_UART_AbortTransmit                            build/stm32f1xx_hal_uart.o
HAL_UART_AbortTransmitCpltCallback                build/stm32f1xx_hal_uart.o
HAL_UART_AbortTransmit_IT                         build/stm32f1xx_hal_uart.o
HAL_UART_Abort_IT                                 build/stm32f1xx_hal_uart.o
HAL_UART_DMAPause                                 build/stm32f1xx_hal_uart.o
HAL_UART_DMAResume                                build/stm32f1xx_hal_uart.o
HAL_UART_DMAStop                                  build/stm32f1xx_hal_uart.o
HAL_UART_DeInit                                   build/stm32f1xx_hal_uart.o
HAL_UART_ErrorCallback                            build/stm32f1xx_hal_uart.o
HAL_UART_GetError                                 build/stm32f1xx_hal_uart.o
HAL_UART_GetState                                 build/stm32f1xx_hal_uart.o
HAL_UART_IRQHandler                               build/stm32f1xx_hal_uart.o
                                                  build/stm32f1xx_it.o
HAL_UART_Init                                     build/stm32f1xx_hal_uart.o
                                                  build/main.o
HAL_UART_MspDeInit                                build/stm32f1xx_hal_msp.o
HAL_UART_MspInit                                  build/stm32f1xx_hal_msp.o
HAL_UART_Receive                                  build/stm32f1xx_hal_uart.o
HAL_UART_Receive_DMA                              build/stm32f1xx_hal_uart.o
                                                  build/stm32f1xx_it.o
                                                  build/main.o
HAL_UART_Receive_IT                               build/stm32f1xx_hal_uart.o
HAL_UART_RxCpltCallback                           build/stm32f1xx_hal_uart.o
HAL_UART_RxHalfCpltCallback                       build/stm32f1xx_hal_uart.o
HAL_UART_Transmit                                 build/stm32f1xx_hal_uart.o
HAL_UART_Transmit_DMA                             build/stm32f1xx_hal_uart.o
                                                  build/stm32f1xx_it.o
                                                  build/main.o
HAL_UART_Transmit_IT                              build/stm32f1xx_hal_uart.o
HAL_UART_TxCpltCallback                           build/stm32f1xx_hal_uart.o
HAL_UART_TxHalfCpltCallback                       build/stm32f1xx_hal_uart.o
HardFault_Handler                                 build/stm32f1xx_it.o
I2C1_ER_IRQHandler                                build/startup_stm32f103xb.o
I2C1_EV_IRQHandler                                build/startup_stm32f103xb.o
I2C2_ER_IRQHandler                                build/startup_stm32f103xb.o
I2C2_EV_IRQHandler                                build/startup_stm32f103xb.o
MemManage_Handler                                 build/stm32f1xx_it.o
NMI_Handler                                       build/stm32f1xx_it.o
PVD_IRQHandler                                    build/startup_stm32f103xb.o
PendSV_Handler                                    build/stm32f1xx_it.o
RCC_IRQHandler                                    build/startup_stm32f103xb.o
RTC_Alarm_IRQHandler                              build/startup_stm32f103xb.o
RTC_IRQHandler                                    build/startup_stm32f103xb.o
Reset_Handler                                     build/startup_stm32f103xb.o
SPI1_IRQHandler                                   build/startup_stm32f103xb.o
SPI2_IRQHandler                                   build/startup_stm32f103xb.o
SVC_Handler                                       build/stm32f1xx_it.o
SysTick_Handler                                   build/stm32f1xx_it.o
SystemClock_Config                                build/main.o
SystemCoreClock                                   build/system_stm32f1xx.o
                                                  build/stm32f1xx_hal_rcc.o
                                                  build/stm32f1xx_hal.o
SystemCoreClockUpdate                             build/system_stm32f1xx.o
SystemInit                                        build/system_stm32f1xx.o
                                                  build/startup_stm32f103xb.o
TAMPER_IRQHandler                                 build/startup_stm32f103xb.o
TIM1_BRK_IRQHandler                               build/startup_stm32f103xb.o
TIM1_CC_IRQHandler                                build/startup_stm32f103xb.o
TIM1_TRG_COM_IRQHandler                           build/startup_stm32f103xb.o
TIM1_UP_IRQHandler                                build/startup_stm32f103xb.o
TIM2_IRQHandler                                   build/startup_stm32f103xb.o
TIM3_IRQHandler                                   build/startup_stm32f103xb.o
TIM4_IRQHandler                                   build/startup_stm32f103xb.o
USART1_IRQHandler                                 build/stm32f1xx_it.o
USART2_IRQHandler                                 build/startup_stm32f103xb.o
USART3_IRQHandler                                 build/startup_stm32f103xb.o
USBWakeUp_IRQHandler                              build/startup_stm32f103xb.o
USB_HP_CAN1_TX_IRQHandler                         build/startup_stm32f103xb.o
USB_LP_CAN1_RX0_IRQHandler                        build/startup_stm32f103xb.o
UsageFault_Handler                                build/stm32f1xx_it.o
WWDG_IRQHandler                                   build/startup_stm32f103xb.o
_Error_Handler                                    build/main.o
                                                  build/stm32f1xx_hal_msp.o
_ITM_deregisterTMCloneTable                       /usr/lib/gcc/arm-none-eabi/4.9.3/armv7-m/crtbegin.o
_ITM_registerTMCloneTable                         /usr/lib/gcc/arm-none-eabi/4.9.3/armv7-m/crtbegin.o
_Jv_RegisterClasses                               /usr/lib/gcc/arm-none-eabi/4.9.3/armv7-m/crtbegin.o
__TMC_END__                                       /usr/lib/gcc/arm-none-eabi/4.9.3/armv7-m/crtend.o
                                                  /usr/lib/gcc/arm-none-eabi/4.9.3/armv7-m/crtbegin.o
__atexit_dummy                                    /usr/lib/gcc/arm-none-eabi/4.9.3/../../../arm-none-eabi/lib/armv7-m/libc_nano.a(lib_a-__atexit.o)
__bss_end__                                       /usr/lib/gcc/arm-none-eabi/4.9.3/../../../arm-none-eabi/lib/armv7-m/crt0.o
__bss_start__                                     /usr/lib/gcc/arm-none-eabi/4.9.3/../../../arm-none-eabi/lib/armv7-m/crt0.o
__call_exitprocs                                  /usr/lib/gcc/arm-none-eabi/4.9.3/../../../arm-none-eabi/lib/armv7-m/libc_nano.a(lib_a-__call_atexit.o)
                                                  /usr/lib/gcc/arm-none-eabi/4.9.3/../../../arm-none-eabi/lib/armv7-m/libc_nano.a(lib_a-__atexit.o)
                                                  /usr/lib/gcc/arm-none-eabi/4.9.3/../../../arm-none-eabi/lib/armv7-m/libc_nano.a(lib_a-exit.o)
__deregister_frame_info                           /usr/lib/gcc/arm-none-eabi/4.9.3/armv7-m/crtbegin.o
__dso_handle                                      /usr/lib/gcc/arm-none-eabi/4.9.3/armv7-m/crtbegin.o
__fini_array_end                                  /usr/lib/gcc/arm-none-eabi/4.9.3/../../../arm-none-eabi/lib/armv7-m/libc_nano.a(lib_a-fini.o)
__fini_array_start                                /usr/lib/gcc/arm-none-eabi/4.9.3/../../../arm-none-eabi/lib/armv7-m/libc_nano.a(lib_a-fini.o)
__init_array_end                                  /usr/lib/gcc/arm-none-eabi/4.9.3/../../../arm-none-eabi/lib/armv7-m/libc_nano.a(lib_a-init.o)
__init_array_start                                /usr/lib/gcc/arm-none-eabi/4.9.3/../../../arm-none-eabi/lib/armv7-m/libc_nano.a(lib_a-init.o)
__libc_fini_array                                 /usr/lib/gcc/arm-none-eabi/4.9.3/../../../arm-none-eabi/lib/armv7-m/libc_nano.a(lib_a-fini.o)
                                                  /usr/lib/gcc/arm-none-eabi/4.9.3/../../../arm-none-eabi/lib/armv7-m/crt0.o
__libc_init_array                                 /usr/lib/gcc/arm-none-eabi/4.9.3/../../../arm-none-eabi/lib/armv7-m/libc_nano.a(lib_a-init.o)
                                                  build/startup_stm32f103xb.o
                                                  /usr/lib/gcc/arm-none-eabi/4.9.3/../../../arm-none-eabi/lib/armv7-m/crt0.o
__preinit_array_end                               /usr/lib/gcc/arm-none-eabi/4.9.3/../../../arm-none-eabi/lib/armv7-m/libc_nano.a(lib_a-init.o)
__preinit_array_start                             /usr/lib/gcc/arm-none-eabi/4.9.3/../../../arm-none-eabi/lib/armv7-m/libc_nano.a(lib_a-init.o)
__register_exitproc                               /usr/lib/gcc/arm-none-eabi/4.9.3/../../../arm-none-eabi/lib/armv7-m/libc_nano.a(lib_a-__atexit.o)
                                                  /usr/lib/gcc/arm-none-eabi/4.9.3/../../../arm-none-eabi/lib/armv7-m/libc_nano.a(lib_a-atexit.o)
__register_frame_info                             /usr/lib/gcc/arm-none-eabi/4.9.3/armv7-m/crtbegin.o
__sf_fake_stderr                                  /usr/lib/gcc/arm-none-eabi/4.9.3/../../../arm-none-eabi/lib/armv7-m/libc_nano.a(lib_a-impure.o)
__sf_fake_stdin                                   /usr/lib/gcc/arm-none-eabi/4.9.3/../../../arm-none-eabi/lib/armv7-m/libc_nano.a(lib_a-impure.o)
__sf_fake_stdout                                  /usr/lib/gcc/arm-none-eabi/4.9.3/../../../arm-none-eabi/lib/armv7-m/libc_nano.a(lib_a-impure.o)
__stack                                           /usr/lib/gcc/arm-none-eabi/4.9.3/../../../arm-none-eabi/lib/armv7-m/crt0.o
_ebss                                             build/startup_stm32f103xb.o
_edata                                            build/startup_stm32f103xb.o
_estack                                           build/startup_stm32f103xb.o
_exit                                             /usr/lib/gcc/arm-none-eabi/4.9.3/../../../arm-none-eabi/lib/armv7-m/libnosys.a(_exit.o)
                                                  /usr/lib/gcc/arm-none-eabi/4.9.3/../../../arm-none-eabi/lib/armv7-m/libc_nano.a(lib_a-exit.o)
_fini                                             /usr/lib/gcc/arm-none-eabi/4.9.3/armv7-m/crti.o
                                                  /usr/lib/gcc/arm-none-eabi/4.9.3/../../../arm-none-eabi/lib/armv7-m/libc_nano.a(lib_a-fini.o)
_global_atexit                                    /usr/lib/gcc/arm-none-eabi/4.9.3/../../../arm-none-eabi/lib/armv7-m/libc_nano.a(lib_a-__call_atexit.o)
                                                  /usr/lib/gcc/arm-none-eabi/4.9.3/../../../arm-none-eabi/lib/armv7-m/libc_nano.a(lib_a-__atexit.o)
_global_impure_ptr                                /usr/lib/gcc/arm-none-eabi/4.9.3/../../../arm-none-eabi/lib/armv7-m/libc_nano.a(lib_a-impure.o)
                                                  /usr/lib/gcc/arm-none-eabi/4.9.3/../../../arm-none-eabi/lib/armv7-m/libc_nano.a(lib_a-exit.o)
_impure_ptr                                       /usr/lib/gcc/arm-none-eabi/4.9.3/../../../arm-none-eabi/lib/armv7-m/libc_nano.a(lib_a-impure.o)
_init                                             /usr/lib/gcc/arm-none-eabi/4.9.3/armv7-m/crti.o
                                                  /usr/lib/gcc/arm-none-eabi/4.9.3/../../../arm-none-eabi/lib/armv7-m/libc_nano.a(lib_a-init.o)
_mainCRTStartup                                   /usr/lib/gcc/arm-none-eabi/4.9.3/../../../arm-none-eabi/lib/armv7-m/crt0.o
_sbss                                             build/startup_stm32f103xb.o
_sdata                                            build/startup_stm32f103xb.o
_sidata                                           build/startup_stm32f103xb.o
_start                                            /usr/lib/gcc/arm-none-eabi/4.9.3/../../../arm-none-eabi/lib/armv7-m/crt0.o
atexit                                            /usr/lib/gcc/arm-none-eabi/4.9.3/../../../arm-none-eabi/lib/armv7-m/libc_nano.a(lib_a-atexit.o)
                                                  /usr/lib/gcc/arm-none-eabi/4.9.3/../../../arm-none-eabi/lib/armv7-m/crt0.o
click0                                            build/main.o
data                                              build/main.o
                                                  build/stm32f1xx_it.o
delay_ms                                          build/main.o
exit                                              /usr/lib/gcc/arm-none-eabi/4.9.3/../../../arm-none-eabi/lib/armv7-m/libc_nano.a(lib_a-exit.o)
                                                  /usr/lib/gcc/arm-none-eabi/4.9.3/../../../arm-none-eabi/lib/armv7-m/crt0.o
flag_Rx                                           build/main.o
flag_Tx                                           build/main.o
free                                              /usr/lib/gcc/arm-none-eabi/4.9.3/../../../arm-none-eabi/lib/armv7-m/libc_nano.a(lib_a-__call_atexit.o)
g_pfnVectors                                      build/startup_stm32f103xb.o
hardware_init_hook                                /usr/lib/gcc/arm-none-eabi/4.9.3/../../../arm-none-eabi/lib/armv7-m/crt0.o
hdma_usart1_rx                                    build/main.o
                                                  build/stm32f1xx_hal_msp.o
                                                  build/stm32f1xx_it.o
hdma_usart1_tx                                    build/main.o
                                                  build/stm32f1xx_hal_msp.o
                                                  build/stm32f1xx_it.o
huart1                                            build/main.o
                                                  build/stm32f1xx_it.o
k                                                 build/main.o
main                                              build/main.o
                                                  build/startup_stm32f103xb.o
                                                  /usr/lib/gcc/arm-none-eabi/4.9.3/../../../arm-none-eabi/lib/armv7-m/crt0.o
malloc                                            /usr/lib/gcc/arm-none-eabi/4.9.3/../../../arm-none-eabi/lib/armv7-m/libc_nano.a(lib_a-__atexit.o)
memset                                            /usr/lib/gcc/arm-none-eabi/4.9.3/../../../arm-none-eabi/lib/armv7-m/libc_nano.a(lib_a-memset.o)
                                                  /usr/lib/gcc/arm-none-eabi/4.9.3/../../../arm-none-eabi/lib/armv7-m/crt0.o
pFlash                                            build/stm32f1xx_hal_flash.o
                                                  build/stm32f1xx_hal_flash_ex.o
software_init_hook                                /usr/lib/gcc/arm-none-eabi/4.9.3/../../../arm-none-eabi/lib/armv7-m/crt0.o
ticks_delay                                       build/main.o
                                                  build/stm32f1xx_it.o
uwTick                                            build/stm32f1xx_hal.o
uwTickFreq                                        build/stm32f1xx_hal.o
uwTickPrio                                        build/stm32f1xx_hal.o
